# Mappings file for a german C-Sharp
# Mappings are done as followed:
# german:english
# Please add to the list as needed

BoolescherWert:bool
Byte:byte
SignierterByte:sbyte
Charakter:char
Dezimal:decimal
Doppel:double
Schweben:float
ganzeZahl:int
unsignierteGanzeZahl:uint
Kurz:short
unsigniertesKurz:ushort
zeichenKette:string
Objekt:object
Dynamisch:dynamic
Anordnung:array
Liste:list
Wörterbuch:dictionary
HashSatz:hashset
Warteschlange:Queue
Stappel:Stack
VerlinktListe:LinkedList
Länge:Length
ZuGroßbuchstaben:ToUpper
ZuKleinbuchstaben:ToLower
Trimmen:Trim
Teilen:Split
Beinhaltet:Contains
Ersetzte:Replace
TeilZeichenkette:Substring
Hinzufügen:Add
Entfernen:Remove
Leeren:Clear
Anzahl:Count
Sortieren:Sort
Umkehren:Reverse
ZuAnordnung:ToArray
ZuListe:ToList
Konsole:Console
SchreibeLinie:WriteLine
Schreibe:Write
LeseLinie:ReadLine
LeseSchlüßel:ReadKey
Konvertiere:Convert
ZuGanzZahl:ToInt32
ZuZeichenKette:ToString
ZuDoppel:ToDouble
Analysieren:Parse
DatumZeit:DateTime
Jetzt:Now
Heute:Today
TageHinzufügen:AddDays
MonateHinzufügen:AddMonths
JahreHinzufügen:AddYears
Datei:File
LeseDenGesamtenText:ReadAllText
SchreibeDenGesamtenText:WriteAllText
Existiert:Exists
Löschen:Delete
Kopieren:Copy
Wo:Where
Auswählen:Select
OrdneMit:OrderBy
GruppiereMit:GroupBy
Erster:First
Lezter:Last
Summe:Sum
Durchschnitt:Average
Versuch:try
Fange:catch
Endlich:finally
Werfe:throw
Öffentlich:public
Privat:private
Beschützt:protected
intern:internal
wenn:if
sonst:else
Schalter:switch
für:for
FürJeden:foreach
während:while
Mach:do
Pause:break
weitermachen:continue
zurückgeben:return
neu:new
Dashier:this
Basis:base
Null:null
TypVon:typeof
ist:is
als:as
mit:using
Klasse:class
statisch:static
nichts:void